# serializer version: 1
# name: test_confirm_error_variant_snapshot
  '''
  ╭───────────────────────────────── Uninstall? ─────────────────────────────────╮
  │ Permanently remove all plugins.                                              │
  ╰──────────────────────────────────────────────────────────────────────────────╯
  
  '''
# ---
# name: test_confirm_primary_snapshot
  '''
  ╭───────────────────────────────── Reinstall? ─────────────────────────────────╮
  │ This will reinstall all plugins.                                             │
  ╰──────────────────────────────────────────────────────────────────────────────╯
  
  '''
# ---
